// Jest Snapshot v1, https://goo.gl/fbAQLP

exports[`Calendar component component should match snapshot 1`] = `
<div
  class="vue-calendar is-month"
>
  <div
    class="vue-calendar-header"
  >
    <div
      class="vue-calendar-header-left"
    />
    <div
      class="vue-calendar-header-center"
    >
      <a
        class="vue-calendar-control vue-calendar-prev"
      >
        &lt;
      </a>
      <span
        class="vue-calendar-header-date"
      >
        2018-01
      </span>
      <a
        class="vue-calendar-control vue-calendar-next"
      >
        &gt;
      </a>
    </div>
    <div
      class="vue-calendar-header-right"
    />
  </div>
  <div
    class="vue-calendar-week-title"
  >
    <div
      class="vue-calendar-week-title-item"
    >
      Sun
    </div>
    <div
      class="vue-calendar-week-title-item"
    >
      Mon
    </div>
    <div
      class="vue-calendar-week-title-item"
    >
      Tue
    </div>
    <div
      class="vue-calendar-week-title-item"
    >
      Wed
    </div>
    <div
      class="vue-calendar-week-title-item"
    >
      Thu
    </div>
    <div
      class="vue-calendar-week-title-item"
    >
      Fri
    </div>
    <div
      class="vue-calendar-week-title-item"
    >
      Sat
    </div>
  </div>
  <div
    class="vue-calendar-body"
  >
    <div
      class="vue-calendar-body-row"
    >
      <div
        class="vue-calendar-day-item"
      />
      <div
        class="vue-calendar-day-item"
      />
      <div
        class="vue-calendar-day-item"
      />
      <div
        class="vue-calendar-day-item"
      />
      <div
        class="vue-calendar-day-item"
      />
      <div
        class="vue-calendar-day-item"
      />
      <div
        class="vue-calendar-day-item"
      />
    </div>
    <div
      class="vue-calendar-body-row"
    >
      <div
        class="vue-calendar-day-item"
      />
      <div
        class="vue-calendar-day-item"
      />
      <div
        class="vue-calendar-day-item"
      />
      <div
        class="vue-calendar-day-item"
      />
      <div
        class="vue-calendar-day-item"
      />
      <div
        class="vue-calendar-day-item"
      />
      <div
        class="vue-calendar-day-item"
      />
    </div>
    <div
      class="vue-calendar-body-row"
    >
      <div
        class="vue-calendar-day-item"
      />
      <div
        class="vue-calendar-day-item"
      />
      <div
        class="vue-calendar-day-item"
      />
      <div
        class="vue-calendar-day-item"
      />
      <div
        class="vue-calendar-day-item"
      />
      <div
        class="vue-calendar-day-item"
      />
      <div
        class="vue-calendar-day-item"
      />
    </div>
    <div
      class="vue-calendar-body-row"
    >
      <div
        class="vue-calendar-day-item"
      />
      <div
        class="vue-calendar-day-item"
      />
      <div
        class="vue-calendar-day-item"
      />
      <div
        class="vue-calendar-day-item"
      />
      <div
        class="vue-calendar-day-item"
      />
      <div
        class="vue-calendar-day-item"
      />
      <div
        class="vue-calendar-day-item"
      />
    </div>
    <div
      class="vue-calendar-body-row"
    >
      <div
        class="vue-calendar-day-item"
      />
      <div
        class="vue-calendar-day-item"
      />
      <div
        class="vue-calendar-day-item"
      />
      <div
        class="vue-calendar-day-item"
      />
      <div
        class="vue-calendar-day-item"
      />
      <div
        class="vue-calendar-day-item"
      />
      <div
        class="vue-calendar-day-item"
      />
    </div>
    <div
      class="vue-calendar-body-row"
    >
      <div
        class="vue-calendar-day-item"
      />
      <div
        class="vue-calendar-day-item"
      />
      <div
        class="vue-calendar-day-item"
      />
      <div
        class="vue-calendar-day-item"
      />
      <div
        class="vue-calendar-day-item"
      />
      <div
        class="vue-calendar-day-item"
      />
      <div
        class="vue-calendar-day-item"
      />
    </div>
  </div>
</div>
`;
