// Jest Snapshot v1, https://goo.gl/fbAQLP

exports[`Calendar component scoped-slot should match snapshot 1`] = `
<div
  class="calendar is-month"
>
  <div
    class="calendar-header"
  >
    <div
      class="calendar-header-left"
    />
    <div
      class="calendar-header-center"
    >
      <a
        class="calendar-control calendar-prev"
      >
        &lt;
      </a>
      <span
        class="calendar-header-date"
      >
        2018-01
      </span>
      <a
        class="calendar-control calendar-next"
      >
        &gt;
      </a>
    </div>
    <div
      class="calendar-header-right"
    />
  </div>
   
  <div
    class="calendar-week"
  >
    <div
      class="calendar-week__item"
    >
      
      Sun
    
    </div>
    <div
      class="calendar-week__item"
    >
      
      Mon
    
    </div>
    <div
      class="calendar-week__item"
    >
      
      Tue
    
    </div>
    <div
      class="calendar-week__item"
    >
      
      Wed
    
    </div>
    <div
      class="calendar-week__item"
    >
      
      Thu
    
    </div>
    <div
      class="calendar-week__item"
    >
      
      Fri
    
    </div>
    <div
      class="calendar-week__item"
    >
      
      Sat
    
    </div>
  </div>
   
  <div
    class="calendar-body"
  >
    <div
      class="calendar-body-row"
    >
      <div
        class="calendar-day-item"
      >
        <div>
          <span>
            {
  "year": 2017,
  "month": 12,
  "date": 31,
  "day": 0,
  "full": "2017-12-31"
} {
  "date": {
    "isPrevMonth": true,
    "isPrevLastDay": false,
    "isNextMonth": false,
    "isNextFirstDay": false,
    "isToday": false,
    "isCurMonth": false,
    "data": [],
    "date": {
      "year": 2017,
      "month": 12,
      "date": 31,
      "day": 0,
      "full": "2017-12-31"
    }
  }
}
          </span>
           
        </div>
      </div>
      <div
        class="calendar-day-item"
      >
        <div>
          <span>
            {
  "year": 2018,
  "month": 1,
  "date": 1,
  "day": 1,
  "full": "2018-01-01"
} {
  "date": {
    "isPrevMonth": false,
    "isPrevLastDay": false,
    "isNextMonth": false,
    "isNextFirstDay": false,
    "isToday": true,
    "isCurMonth": true,
    "data": [
      {
        "date": "2018-1-1",
        "title": "test scope-slot1"
      }
    ],
    "date": {
      "year": 2018,
      "month": 1,
      "date": 1,
      "day": 1,
      "full": "2018-01-01"
    }
  }
}
          </span>
           
        </div>
      </div>
      <div
        class="calendar-day-item"
      >
        <div>
          <span>
            {
  "year": 2018,
  "month": 1,
  "date": 2,
  "day": 2,
  "full": "2018-01-02"
} {
  "date": {
    "isPrevMonth": false,
    "isPrevLastDay": false,
    "isNextMonth": false,
    "isNextFirstDay": false,
    "isToday": false,
    "isCurMonth": true,
    "data": [],
    "date": {
      "year": 2018,
      "month": 1,
      "date": 2,
      "day": 2,
      "full": "2018-01-02"
    }
  }
}
          </span>
           
        </div>
      </div>
      <div
        class="calendar-day-item"
      >
        <div>
          <span>
            {
  "year": 2018,
  "month": 1,
  "date": 3,
  "day": 3,
  "full": "2018-01-03"
} {
  "date": {
    "isPrevMonth": false,
    "isPrevLastDay": false,
    "isNextMonth": false,
    "isNextFirstDay": false,
    "isToday": false,
    "isCurMonth": true,
    "data": [],
    "date": {
      "year": 2018,
      "month": 1,
      "date": 3,
      "day": 3,
      "full": "2018-01-03"
    }
  }
}
          </span>
           
        </div>
      </div>
      <div
        class="calendar-day-item"
      >
        <div>
          <span>
            {
  "year": 2018,
  "month": 1,
  "date": 4,
  "day": 4,
  "full": "2018-01-04"
} {
  "date": {
    "isPrevMonth": false,
    "isPrevLastDay": false,
    "isNextMonth": false,
    "isNextFirstDay": false,
    "isToday": false,
    "isCurMonth": true,
    "data": [],
    "date": {
      "year": 2018,
      "month": 1,
      "date": 4,
      "day": 4,
      "full": "2018-01-04"
    }
  }
}
          </span>
           
        </div>
      </div>
      <div
        class="calendar-day-item"
      >
        <div>
          <span>
            {
  "year": 2018,
  "month": 1,
  "date": 5,
  "day": 5,
  "full": "2018-01-05"
} {
  "date": {
    "isPrevMonth": false,
    "isPrevLastDay": false,
    "isNextMonth": false,
    "isNextFirstDay": false,
    "isToday": false,
    "isCurMonth": true,
    "data": [
      {
        "date": "2018-1-5",
        "title": "test scope-slot2"
      }
    ],
    "date": {
      "year": 2018,
      "month": 1,
      "date": 5,
      "day": 5,
      "full": "2018-01-05"
    }
  }
}
          </span>
           
        </div>
      </div>
      <div
        class="calendar-day-item"
      >
        <div>
          <span>
            {
  "year": 2018,
  "month": 1,
  "date": 6,
  "day": 6,
  "full": "2018-01-06"
} {
  "date": {
    "isPrevMonth": false,
    "isPrevLastDay": false,
    "isNextMonth": false,
    "isNextFirstDay": false,
    "isToday": false,
    "isCurMonth": true,
    "data": [],
    "date": {
      "year": 2018,
      "month": 1,
      "date": 6,
      "day": 6,
      "full": "2018-01-06"
    }
  }
}
          </span>
           
        </div>
      </div>
    </div>
    <div
      class="calendar-body-row"
    >
      <div
        class="calendar-day-item"
      >
        <div>
          <span>
            {
  "year": 2018,
  "month": 1,
  "date": 7,
  "day": 0,
  "full": "2018-01-07"
} {
  "date": {
    "isPrevMonth": false,
    "isPrevLastDay": false,
    "isNextMonth": false,
    "isNextFirstDay": false,
    "isToday": false,
    "isCurMonth": true,
    "data": [],
    "date": {
      "year": 2018,
      "month": 1,
      "date": 7,
      "day": 0,
      "full": "2018-01-07"
    }
  }
}
          </span>
           
        </div>
      </div>
      <div
        class="calendar-day-item"
      >
        <div>
          <span>
            {
  "year": 2018,
  "month": 1,
  "date": 8,
  "day": 1,
  "full": "2018-01-08"
} {
  "date": {
    "isPrevMonth": false,
    "isPrevLastDay": false,
    "isNextMonth": false,
    "isNextFirstDay": false,
    "isToday": false,
    "isCurMonth": true,
    "data": [],
    "date": {
      "year": 2018,
      "month": 1,
      "date": 8,
      "day": 1,
      "full": "2018-01-08"
    }
  }
}
          </span>
           
        </div>
      </div>
      <div
        class="calendar-day-item"
      >
        <div>
          <span>
            {
  "year": 2018,
  "month": 1,
  "date": 9,
  "day": 2,
  "full": "2018-01-09"
} {
  "date": {
    "isPrevMonth": false,
    "isPrevLastDay": false,
    "isNextMonth": false,
    "isNextFirstDay": false,
    "isToday": false,
    "isCurMonth": true,
    "data": [],
    "date": {
      "year": 2018,
      "month": 1,
      "date": 9,
      "day": 2,
      "full": "2018-01-09"
    }
  }
}
          </span>
           
        </div>
      </div>
      <div
        class="calendar-day-item"
      >
        <div>
          <span>
            {
  "year": 2018,
  "month": 1,
  "date": 10,
  "day": 3,
  "full": "2018-01-10"
} {
  "date": {
    "isPrevMonth": false,
    "isPrevLastDay": false,
    "isNextMonth": false,
    "isNextFirstDay": false,
    "isToday": false,
    "isCurMonth": true,
    "data": [],
    "date": {
      "year": 2018,
      "month": 1,
      "date": 10,
      "day": 3,
      "full": "2018-01-10"
    }
  }
}
          </span>
           
        </div>
      </div>
      <div
        class="calendar-day-item"
      >
        <div>
          <span>
            {
  "year": 2018,
  "month": 1,
  "date": 11,
  "day": 4,
  "full": "2018-01-11"
} {
  "date": {
    "isPrevMonth": false,
    "isPrevLastDay": false,
    "isNextMonth": false,
    "isNextFirstDay": false,
    "isToday": false,
    "isCurMonth": true,
    "data": [],
    "date": {
      "year": 2018,
      "month": 1,
      "date": 11,
      "day": 4,
      "full": "2018-01-11"
    }
  }
}
          </span>
           
        </div>
      </div>
      <div
        class="calendar-day-item"
      >
        <div>
          <span>
            {
  "year": 2018,
  "month": 1,
  "date": 12,
  "day": 5,
  "full": "2018-01-12"
} {
  "date": {
    "isPrevMonth": false,
    "isPrevLastDay": false,
    "isNextMonth": false,
    "isNextFirstDay": false,
    "isToday": false,
    "isCurMonth": true,
    "data": [],
    "date": {
      "year": 2018,
      "month": 1,
      "date": 12,
      "day": 5,
      "full": "2018-01-12"
    }
  }
}
          </span>
           
        </div>
      </div>
      <div
        class="calendar-day-item"
      >
        <div>
          <span>
            {
  "year": 2018,
  "month": 1,
  "date": 13,
  "day": 6,
  "full": "2018-01-13"
} {
  "date": {
    "isPrevMonth": false,
    "isPrevLastDay": false,
    "isNextMonth": false,
    "isNextFirstDay": false,
    "isToday": false,
    "isCurMonth": true,
    "data": [],
    "date": {
      "year": 2018,
      "month": 1,
      "date": 13,
      "day": 6,
      "full": "2018-01-13"
    }
  }
}
          </span>
           
        </div>
      </div>
    </div>
    <div
      class="calendar-body-row"
    >
      <div
        class="calendar-day-item"
      >
        <div>
          <span>
            {
  "year": 2018,
  "month": 1,
  "date": 14,
  "day": 0,
  "full": "2018-01-14"
} {
  "date": {
    "isPrevMonth": false,
    "isPrevLastDay": false,
    "isNextMonth": false,
    "isNextFirstDay": false,
    "isToday": false,
    "isCurMonth": true,
    "data": [],
    "date": {
      "year": 2018,
      "month": 1,
      "date": 14,
      "day": 0,
      "full": "2018-01-14"
    }
  }
}
          </span>
           
        </div>
      </div>
      <div
        class="calendar-day-item"
      >
        <div>
          <span>
            {
  "year": 2018,
  "month": 1,
  "date": 15,
  "day": 1,
  "full": "2018-01-15"
} {
  "date": {
    "isPrevMonth": false,
    "isPrevLastDay": false,
    "isNextMonth": false,
    "isNextFirstDay": false,
    "isToday": false,
    "isCurMonth": true,
    "data": [],
    "date": {
      "year": 2018,
      "month": 1,
      "date": 15,
      "day": 1,
      "full": "2018-01-15"
    }
  }
}
          </span>
           
        </div>
      </div>
      <div
        class="calendar-day-item"
      >
        <div>
          <span>
            {
  "year": 2018,
  "month": 1,
  "date": 16,
  "day": 2,
  "full": "2018-01-16"
} {
  "date": {
    "isPrevMonth": false,
    "isPrevLastDay": false,
    "isNextMonth": false,
    "isNextFirstDay": false,
    "isToday": false,
    "isCurMonth": true,
    "data": [],
    "date": {
      "year": 2018,
      "month": 1,
      "date": 16,
      "day": 2,
      "full": "2018-01-16"
    }
  }
}
          </span>
           
        </div>
      </div>
      <div
        class="calendar-day-item"
      >
        <div>
          <span>
            {
  "year": 2018,
  "month": 1,
  "date": 17,
  "day": 3,
  "full": "2018-01-17"
} {
  "date": {
    "isPrevMonth": false,
    "isPrevLastDay": false,
    "isNextMonth": false,
    "isNextFirstDay": false,
    "isToday": false,
    "isCurMonth": true,
    "data": [],
    "date": {
      "year": 2018,
      "month": 1,
      "date": 17,
      "day": 3,
      "full": "2018-01-17"
    }
  }
}
          </span>
           
        </div>
      </div>
      <div
        class="calendar-day-item"
      >
        <div>
          <span>
            {
  "year": 2018,
  "month": 1,
  "date": 18,
  "day": 4,
  "full": "2018-01-18"
} {
  "date": {
    "isPrevMonth": false,
    "isPrevLastDay": false,
    "isNextMonth": false,
    "isNextFirstDay": false,
    "isToday": false,
    "isCurMonth": true,
    "data": [],
    "date": {
      "year": 2018,
      "month": 1,
      "date": 18,
      "day": 4,
      "full": "2018-01-18"
    }
  }
}
          </span>
           
        </div>
      </div>
      <div
        class="calendar-day-item"
      >
        <div>
          <span>
            {
  "year": 2018,
  "month": 1,
  "date": 19,
  "day": 5,
  "full": "2018-01-19"
} {
  "date": {
    "isPrevMonth": false,
    "isPrevLastDay": false,
    "isNextMonth": false,
    "isNextFirstDay": false,
    "isToday": false,
    "isCurMonth": true,
    "data": [],
    "date": {
      "year": 2018,
      "month": 1,
      "date": 19,
      "day": 5,
      "full": "2018-01-19"
    }
  }
}
          </span>
           
        </div>
      </div>
      <div
        class="calendar-day-item"
      >
        <div>
          <span>
            {
  "year": 2018,
  "month": 1,
  "date": 20,
  "day": 6,
  "full": "2018-01-20"
} {
  "date": {
    "isPrevMonth": false,
    "isPrevLastDay": false,
    "isNextMonth": false,
    "isNextFirstDay": false,
    "isToday": false,
    "isCurMonth": true,
    "data": [],
    "date": {
      "year": 2018,
      "month": 1,
      "date": 20,
      "day": 6,
      "full": "2018-01-20"
    }
  }
}
          </span>
           
        </div>
      </div>
    </div>
    <div
      class="calendar-body-row"
    >
      <div
        class="calendar-day-item"
      >
        <div>
          <span>
            {
  "year": 2018,
  "month": 1,
  "date": 21,
  "day": 0,
  "full": "2018-01-21"
} {
  "date": {
    "isPrevMonth": false,
    "isPrevLastDay": false,
    "isNextMonth": false,
    "isNextFirstDay": false,
    "isToday": false,
    "isCurMonth": true,
    "data": [],
    "date": {
      "year": 2018,
      "month": 1,
      "date": 21,
      "day": 0,
      "full": "2018-01-21"
    }
  }
}
          </span>
           
        </div>
      </div>
      <div
        class="calendar-day-item"
      >
        <div>
          <span>
            {
  "year": 2018,
  "month": 1,
  "date": 22,
  "day": 1,
  "full": "2018-01-22"
} {
  "date": {
    "isPrevMonth": false,
    "isPrevLastDay": false,
    "isNextMonth": false,
    "isNextFirstDay": false,
    "isToday": false,
    "isCurMonth": true,
    "data": [],
    "date": {
      "year": 2018,
      "month": 1,
      "date": 22,
      "day": 1,
      "full": "2018-01-22"
    }
  }
}
          </span>
           
        </div>
      </div>
      <div
        class="calendar-day-item"
      >
        <div>
          <span>
            {
  "year": 2018,
  "month": 1,
  "date": 23,
  "day": 2,
  "full": "2018-01-23"
} {
  "date": {
    "isPrevMonth": false,
    "isPrevLastDay": false,
    "isNextMonth": false,
    "isNextFirstDay": false,
    "isToday": false,
    "isCurMonth": true,
    "data": [],
    "date": {
      "year": 2018,
      "month": 1,
      "date": 23,
      "day": 2,
      "full": "2018-01-23"
    }
  }
}
          </span>
           
        </div>
      </div>
      <div
        class="calendar-day-item"
      >
        <div>
          <span>
            {
  "year": 2018,
  "month": 1,
  "date": 24,
  "day": 3,
  "full": "2018-01-24"
} {
  "date": {
    "isPrevMonth": false,
    "isPrevLastDay": false,
    "isNextMonth": false,
    "isNextFirstDay": false,
    "isToday": false,
    "isCurMonth": true,
    "data": [],
    "date": {
      "year": 2018,
      "month": 1,
      "date": 24,
      "day": 3,
      "full": "2018-01-24"
    }
  }
}
          </span>
           
        </div>
      </div>
      <div
        class="calendar-day-item"
      >
        <div>
          <span>
            {
  "year": 2018,
  "month": 1,
  "date": 25,
  "day": 4,
  "full": "2018-01-25"
} {
  "date": {
    "isPrevMonth": false,
    "isPrevLastDay": false,
    "isNextMonth": false,
    "isNextFirstDay": false,
    "isToday": false,
    "isCurMonth": true,
    "data": [],
    "date": {
      "year": 2018,
      "month": 1,
      "date": 25,
      "day": 4,
      "full": "2018-01-25"
    }
  }
}
          </span>
           
        </div>
      </div>
      <div
        class="calendar-day-item"
      >
        <div>
          <span>
            {
  "year": 2018,
  "month": 1,
  "date": 26,
  "day": 5,
  "full": "2018-01-26"
} {
  "date": {
    "isPrevMonth": false,
    "isPrevLastDay": false,
    "isNextMonth": false,
    "isNextFirstDay": false,
    "isToday": false,
    "isCurMonth": true,
    "data": [],
    "date": {
      "year": 2018,
      "month": 1,
      "date": 26,
      "day": 5,
      "full": "2018-01-26"
    }
  }
}
          </span>
           
        </div>
      </div>
      <div
        class="calendar-day-item"
      >
        <div>
          <span>
            {
  "year": 2018,
  "month": 1,
  "date": 27,
  "day": 6,
  "full": "2018-01-27"
} {
  "date": {
    "isPrevMonth": false,
    "isPrevLastDay": false,
    "isNextMonth": false,
    "isNextFirstDay": false,
    "isToday": false,
    "isCurMonth": true,
    "data": [],
    "date": {
      "year": 2018,
      "month": 1,
      "date": 27,
      "day": 6,
      "full": "2018-01-27"
    }
  }
}
          </span>
           
        </div>
      </div>
    </div>
    <div
      class="calendar-body-row"
    >
      <div
        class="calendar-day-item"
      >
        <div>
          <span>
            {
  "year": 2018,
  "month": 1,
  "date": 28,
  "day": 0,
  "full": "2018-01-28"
} {
  "date": {
    "isPrevMonth": false,
    "isPrevLastDay": false,
    "isNextMonth": false,
    "isNextFirstDay": false,
    "isToday": false,
    "isCurMonth": true,
    "data": [],
    "date": {
      "year": 2018,
      "month": 1,
      "date": 28,
      "day": 0,
      "full": "2018-01-28"
    }
  }
}
          </span>
           
        </div>
      </div>
      <div
        class="calendar-day-item"
      >
        <div>
          <span>
            {
  "year": 2018,
  "month": 1,
  "date": 29,
  "day": 1,
  "full": "2018-01-29"
} {
  "date": {
    "isPrevMonth": false,
    "isPrevLastDay": false,
    "isNextMonth": false,
    "isNextFirstDay": false,
    "isToday": false,
    "isCurMonth": true,
    "data": [],
    "date": {
      "year": 2018,
      "month": 1,
      "date": 29,
      "day": 1,
      "full": "2018-01-29"
    }
  }
}
          </span>
           
        </div>
      </div>
      <div
        class="calendar-day-item"
      >
        <div>
          <span>
            {
  "year": 2018,
  "month": 1,
  "date": 30,
  "day": 2,
  "full": "2018-01-30"
} {
  "date": {
    "isPrevMonth": false,
    "isPrevLastDay": false,
    "isNextMonth": false,
    "isNextFirstDay": false,
    "isToday": false,
    "isCurMonth": true,
    "data": [],
    "date": {
      "year": 2018,
      "month": 1,
      "date": 30,
      "day": 2,
      "full": "2018-01-30"
    }
  }
}
          </span>
           
        </div>
      </div>
      <div
        class="calendar-day-item"
      >
        <div>
          <span>
            {
  "year": 2018,
  "month": 1,
  "date": 31,
  "day": 3,
  "full": "2018-01-31"
} {
  "date": {
    "isPrevMonth": false,
    "isPrevLastDay": false,
    "isNextMonth": false,
    "isNextFirstDay": false,
    "isToday": false,
    "isCurMonth": true,
    "data": [],
    "date": {
      "year": 2018,
      "month": 1,
      "date": 31,
      "day": 3,
      "full": "2018-01-31"
    }
  }
}
          </span>
           
        </div>
      </div>
      <div
        class="calendar-day-item"
      >
        <div>
          <span>
            {
  "year": 2018,
  "month": 2,
  "date": 1,
  "day": 4,
  "full": "2018-02-01"
} {
  "date": {
    "isPrevMonth": false,
    "isPrevLastDay": false,
    "isNextMonth": true,
    "isNextFirstDay": true,
    "isToday": false,
    "isCurMonth": false,
    "data": [],
    "date": {
      "year": 2018,
      "month": 2,
      "date": 1,
      "day": 4,
      "full": "2018-02-01"
    }
  }
}
          </span>
           
        </div>
      </div>
      <div
        class="calendar-day-item"
      >
        <div>
          <span>
            {
  "year": 2018,
  "month": 2,
  "date": 2,
  "day": 5,
  "full": "2018-02-02"
} {
  "date": {
    "isPrevMonth": false,
    "isPrevLastDay": false,
    "isNextMonth": true,
    "isNextFirstDay": false,
    "isToday": false,
    "isCurMonth": false,
    "data": [],
    "date": {
      "year": 2018,
      "month": 2,
      "date": 2,
      "day": 5,
      "full": "2018-02-02"
    }
  }
}
          </span>
           
        </div>
      </div>
      <div
        class="calendar-day-item"
      >
        <div>
          <span>
            {
  "year": 2018,
  "month": 2,
  "date": 3,
  "day": 6,
  "full": "2018-02-03"
} {
  "date": {
    "isPrevMonth": false,
    "isPrevLastDay": false,
    "isNextMonth": true,
    "isNextFirstDay": false,
    "isToday": false,
    "isCurMonth": false,
    "data": [],
    "date": {
      "year": 2018,
      "month": 2,
      "date": 3,
      "day": 6,
      "full": "2018-02-03"
    }
  }
}
          </span>
           
        </div>
      </div>
    </div>
    <div
      class="calendar-body-row"
    >
      <div
        class="calendar-day-item"
      >
        <div>
          <span>
            {
  "year": 2018,
  "month": 2,
  "date": 4,
  "day": 0,
  "full": "2018-02-04"
} {
  "date": {
    "isPrevMonth": false,
    "isPrevLastDay": false,
    "isNextMonth": true,
    "isNextFirstDay": false,
    "isToday": false,
    "isCurMonth": false,
    "data": [],
    "date": {
      "year": 2018,
      "month": 2,
      "date": 4,
      "day": 0,
      "full": "2018-02-04"
    }
  }
}
          </span>
           
        </div>
      </div>
      <div
        class="calendar-day-item"
      >
        <div>
          <span>
            {
  "year": 2018,
  "month": 2,
  "date": 5,
  "day": 1,
  "full": "2018-02-05"
} {
  "date": {
    "isPrevMonth": false,
    "isPrevLastDay": false,
    "isNextMonth": true,
    "isNextFirstDay": false,
    "isToday": false,
    "isCurMonth": false,
    "data": [],
    "date": {
      "year": 2018,
      "month": 2,
      "date": 5,
      "day": 1,
      "full": "2018-02-05"
    }
  }
}
          </span>
           
        </div>
      </div>
      <div
        class="calendar-day-item"
      >
        <div>
          <span>
            {
  "year": 2018,
  "month": 2,
  "date": 6,
  "day": 2,
  "full": "2018-02-06"
} {
  "date": {
    "isPrevMonth": false,
    "isPrevLastDay": false,
    "isNextMonth": true,
    "isNextFirstDay": false,
    "isToday": false,
    "isCurMonth": false,
    "data": [],
    "date": {
      "year": 2018,
      "month": 2,
      "date": 6,
      "day": 2,
      "full": "2018-02-06"
    }
  }
}
          </span>
           
        </div>
      </div>
      <div
        class="calendar-day-item"
      >
        <div>
          <span>
            {
  "year": 2018,
  "month": 2,
  "date": 7,
  "day": 3,
  "full": "2018-02-07"
} {
  "date": {
    "isPrevMonth": false,
    "isPrevLastDay": false,
    "isNextMonth": true,
    "isNextFirstDay": false,
    "isToday": false,
    "isCurMonth": false,
    "data": [],
    "date": {
      "year": 2018,
      "month": 2,
      "date": 7,
      "day": 3,
      "full": "2018-02-07"
    }
  }
}
          </span>
           
        </div>
      </div>
      <div
        class="calendar-day-item"
      >
        <div>
          <span>
            {
  "year": 2018,
  "month": 2,
  "date": 8,
  "day": 4,
  "full": "2018-02-08"
} {
  "date": {
    "isPrevMonth": false,
    "isPrevLastDay": false,
    "isNextMonth": true,
    "isNextFirstDay": false,
    "isToday": false,
    "isCurMonth": false,
    "data": [],
    "date": {
      "year": 2018,
      "month": 2,
      "date": 8,
      "day": 4,
      "full": "2018-02-08"
    }
  }
}
          </span>
           
        </div>
      </div>
      <div
        class="calendar-day-item"
      >
        <div>
          <span>
            {
  "year": 2018,
  "month": 2,
  "date": 9,
  "day": 5,
  "full": "2018-02-09"
} {
  "date": {
    "isPrevMonth": false,
    "isPrevLastDay": false,
    "isNextMonth": true,
    "isNextFirstDay": false,
    "isToday": false,
    "isCurMonth": false,
    "data": [],
    "date": {
      "year": 2018,
      "month": 2,
      "date": 9,
      "day": 5,
      "full": "2018-02-09"
    }
  }
}
          </span>
           
        </div>
      </div>
      <div
        class="calendar-day-item"
      >
        <div>
          <span>
            {
  "year": 2018,
  "month": 2,
  "date": 10,
  "day": 6,
  "full": "2018-02-10"
} {
  "date": {
    "isPrevMonth": false,
    "isPrevLastDay": false,
    "isNextMonth": true,
    "isNextFirstDay": false,
    "isToday": false,
    "isCurMonth": false,
    "data": [],
    "date": {
      "year": 2018,
      "month": 2,
      "date": 10,
      "day": 6,
      "full": "2018-02-10"
    }
  }
}
          </span>
           
        </div>
      </div>
    </div>
    <div
      class="calendar-body-row"
    >
      <!---->
      <!---->
      <!---->
      <!---->
      <!---->
      <!---->
      <!---->
    </div>
  </div>
</div>
`;

exports[`Calendar component should match snapshot 1`] = `
<div
  class="calendar is-month"
>
  <div
    class="calendar-header"
  >
    <div
      class="calendar-header-left"
    />
    <div
      class="calendar-header-center"
    >
      <a
        class="calendar-control calendar-prev"
      >
        &lt;
      </a>
      <span
        class="calendar-header-date"
      >
        2018-01
      </span>
      <a
        class="calendar-control calendar-next"
      >
        &gt;
      </a>
    </div>
    <div
      class="calendar-header-right"
    />
  </div>
   
  <div
    class="calendar-week"
  >
    <div
      class="calendar-week__item"
    >
      
      Sun
    
    </div>
    <div
      class="calendar-week__item"
    >
      
      Mon
    
    </div>
    <div
      class="calendar-week__item"
    >
      
      Tue
    
    </div>
    <div
      class="calendar-week__item"
    >
      
      Wed
    
    </div>
    <div
      class="calendar-week__item"
    >
      
      Thu
    
    </div>
    <div
      class="calendar-week__item"
    >
      
      Fri
    
    </div>
    <div
      class="calendar-week__item"
    >
      
      Sat
    
    </div>
  </div>
   
  <div
    class="calendar-body"
  >
    <div
      class="calendar-body-row"
    >
      <div
        class="calendar-day-item"
      />
      <div
        class="calendar-day-item"
      />
      <div
        class="calendar-day-item"
      />
      <div
        class="calendar-day-item"
      />
      <div
        class="calendar-day-item"
      />
      <div
        class="calendar-day-item"
      />
      <div
        class="calendar-day-item"
      />
    </div>
    <div
      class="calendar-body-row"
    >
      <div
        class="calendar-day-item"
      />
      <div
        class="calendar-day-item"
      />
      <div
        class="calendar-day-item"
      />
      <div
        class="calendar-day-item"
      />
      <div
        class="calendar-day-item"
      />
      <div
        class="calendar-day-item"
      />
      <div
        class="calendar-day-item"
      />
    </div>
    <div
      class="calendar-body-row"
    >
      <div
        class="calendar-day-item"
      />
      <div
        class="calendar-day-item"
      />
      <div
        class="calendar-day-item"
      />
      <div
        class="calendar-day-item"
      />
      <div
        class="calendar-day-item"
      />
      <div
        class="calendar-day-item"
      />
      <div
        class="calendar-day-item"
      />
    </div>
    <div
      class="calendar-body-row"
    >
      <div
        class="calendar-day-item"
      />
      <div
        class="calendar-day-item"
      />
      <div
        class="calendar-day-item"
      />
      <div
        class="calendar-day-item"
      />
      <div
        class="calendar-day-item"
      />
      <div
        class="calendar-day-item"
      />
      <div
        class="calendar-day-item"
      />
    </div>
    <div
      class="calendar-body-row"
    >
      <div
        class="calendar-day-item"
      />
      <div
        class="calendar-day-item"
      />
      <div
        class="calendar-day-item"
      />
      <div
        class="calendar-day-item"
      />
      <div
        class="calendar-day-item"
      />
      <div
        class="calendar-day-item"
      />
      <div
        class="calendar-day-item"
      />
    </div>
    <div
      class="calendar-body-row"
    >
      <div
        class="calendar-day-item"
      />
      <div
        class="calendar-day-item"
      />
      <div
        class="calendar-day-item"
      />
      <div
        class="calendar-day-item"
      />
      <div
        class="calendar-day-item"
      />
      <div
        class="calendar-day-item"
      />
      <div
        class="calendar-day-item"
      />
    </div>
    <div
      class="calendar-body-row"
    >
      <!---->
      <!---->
      <!---->
      <!---->
      <!---->
      <!---->
      <!---->
    </div>
  </div>
</div>
`;
